// Jest Snapshot v1, https://goo.gl/fbAQLP

exports[`should correctly render Header 1`] = `
<div>
  <h2>
    Next
  </h2>
</div>
`;
